GAMS 49.1.0  5c4d4ed6 Feb 15, 2025          LEX-LEG x86 64bit/Linux - 07/04/25 01:26:57 Page 1
G e n e r a l   A l g e b r a i c   M o d e l i n g   S y s t e m
C o m p i l a t i o n




COMPILATION TIME     =        0.013 SECONDS      2 MB  49.1.0 5c4d4ed6 LEX-LEG
GAMS 49.1.0  5c4d4ed6 Feb 15, 2025          LEX-LEG x86 64bit/Linux - 07/04/25 01:26:57 Page 2
G e n e r a l   A l g e b r a i c   M o d e l i n g   S y s t e m
Range Statistics    SOLVE GAMS_MODEL Using MINLP From line 3363


RANGE STATISTICS (ABSOLUTE NON-ZERO FINITE VALUES)

RHS       [min, max] : [ 4.810E-05, 1.000E+00] - Zero values observed as well
Bound     [min, max] : [ 1.000E+00, 1.200E+02] - Zero values observed as well
Matrix    [min, max] : [ 1.846E-02, 1.200E+02]

GAMS 49.1.0  5c4d4ed6 Feb 15, 2025          LEX-LEG x86 64bit/Linux - 07/04/25 01:26:57 Page 3
G e n e r a l   A l g e b r a i c   M o d e l i n g   S y s t e m
Model Statistics    SOLVE GAMS_MODEL Using MINLP From line 3363


MODEL STATISTICS

BLOCKS OF EQUATIONS       1,023     SINGLE EQUATIONS        1,023
BLOCKS OF VARIABLES         478     SINGLE VARIABLES          478
NON ZERO ELEMENTS         2,465     NON LINEAR N-Z            270
CODE LENGTH               2,205     CONSTANT POOL              93     DISCRETE VARIABLES         45


GENERATION TIME      =        0.007 SECONDS      4 MB  49.1.0 5c4d4ed6 LEX-LEG
GAMS 49.1.0  5c4d4ed6 Feb 15, 2025          LEX-LEG x86 64bit/Linux - 07/04/25 01:26:57 Page 4
G e n e r a l   A l g e b r a i c   M o d e l i n g   S y s t e m
Solution Report     SOLVE GAMS_MODEL Using MINLP From line 3363


               S O L V E      S U M M A R Y

     MODEL   GAMS_MODEL          OBJECTIVE  GAMS_OBJECTIVE
     TYPE    MINLP               DIRECTION  MINIMIZE
     SOLVER  GUROBI              FROM LINE  3363

**** SOLVER STATUS     3 Resource Interrupt
**** MODEL STATUS      8 Integer Solution
**** OBJECTIVE VALUE                8.2404

 RESOURCE USAGE, LIMIT       1800.340      1800.000
 ITERATION COUNT, LIMIT   7573439    2147483647
 EVALUATION ERRORS             NA             0
Gurobi library version 12.0.1
GRB_LICENSE_FILE = /local/scratch/a/sgusev/gurobi.lic
GAMS/Gurobi Link license.
Reading parameter(s) from "/local/scratch/a/sgusev/repos/k_means_gurobi/k_means/data/gams_gurobi_gdp.hull/no_mode/2025-07-04_01-26-57/original/gurobi.opt"
>>  NonConvex 2
Finished reading from "/local/scratch/a/sgusev/repos/k_means_gurobi/k_means/data/gams_gurobi_gdp.hull/no_mode/2025-07-04_01-26-57/original/gurobi.opt"
--- GMO Q Extraction (ThreePass): 0.00s
--- GMO setup time: 0.00
Space for names approximately 0.10 Mb
MIP status(9): Optimization terminated due to time limit.

Fixed MIP status(2): Model was solved to optimality (subject to tolerances).

Final Solve:             8.240428    (0 iterations)
Best possible:           8.196449
Absolute gap:            0.043979
Relative gap:            0.005337


**** REPORT SUMMARY :        0     NONOPT
                             0 INFEASIBLE
                             0  UNBOUNDED
                             0     ERRORS
GAMS 49.1.0  5c4d4ed6 Feb 15, 2025          LEX-LEG x86 64bit/Linux - 07/04/25 01:26:57 Page 5
G e n e r a l   A l g e b r a i c   M o d e l i n g   S y s t e m
E x e c u t i o n


**** REPORT FILE SUMMARY

results /local/scratch/a/sgusev/repos/k_means_gurobi/k_means/data/gams_gurobi_gdp.hull/no_mode/2025-07-04_01-26-57/original/results.dat
statresults /local/scratch/a/sgusev/repos/k_means_gurobi/k_means/data/gams_gurobi_gdp.hull/no_mode/2025-07-04_01-26-57/original/resultsstat.dat


EXECUTION TIME       =     1800.361 SECONDS      6 MB  49.1.0 5c4d4ed6 LEX-LEG


USER: David Bernal / SECQUOIA Research Group         G240524|0002AS-GEN
      Purdue University, Davidson School of Chemical EngineeringDCE3427
      License for teaching and research at degree granting institutions


**** FILE SUMMARY

Input      /local/scratch/a/sgusev/repos/k_means_gurobi/k_means/data/gams_gurobi_gdp.hull/no_mode/2025-07-04_01-26-57/original/model.gms
Output     /local/scratch/a/sgusev/repos/k_means_gurobi/k_means/data/gams_gurobi_gdp.hull/no_mode/2025-07-04_01-26-57/original/output.lst
