GAMS 49.1.0  5c4d4ed6 Feb 15, 2025          LEX-LEG x86 64bit/Linux - 07/02/25 22:27:24 Page 1
G e n e r a l   A l g e b r a i c   M o d e l i n g   S y s t e m
C o m p i l a t i o n




COMPILATION TIME     =        0.001 SECONDS      2 MB  49.1.0 5c4d4ed6 LEX-LEG
GAMS 49.1.0  5c4d4ed6 Feb 15, 2025          LEX-LEG x86 64bit/Linux - 07/02/25 22:27:24 Page 2
G e n e r a l   A l g e b r a i c   M o d e l i n g   S y s t e m
Range Statistics    SOLVE GAMS_MODEL Using MINLP From line 272


RANGE STATISTICS (ABSOLUTE NON-ZERO FINITE VALUES)

RHS       [min, max] : [ 1.000E+00, 1.000E+00] - Zero values observed as well
Bound     [min, max] : [ 1.000E+00, 7.200E+01] - Zero values observed as well
Matrix    [min, max] : [ 2.344E-01, 1.695E+00] - Zero values observed as well

GAMS 49.1.0  5c4d4ed6 Feb 15, 2025          LEX-LEG x86 64bit/Linux - 07/02/25 22:27:24 Page 3
G e n e r a l   A l g e b r a i c   M o d e l i n g   S y s t e m
Model Statistics    SOLVE GAMS_MODEL Using MINLP From line 272


MODEL STATISTICS

BLOCKS OF EQUATIONS          64     SINGLE EQUATIONS           64
BLOCKS OF VARIABLES          73     SINGLE VARIABLES           73
NON ZERO ELEMENTS           307     NON LINEAR N-Z            240
CODE LENGTH                 720     CONSTANT POOL              52     DISCRETE VARIABLES         48


GENERATION TIME      =        0.003 SECONDS      3 MB  49.1.0 5c4d4ed6 LEX-LEG
GAMS 49.1.0  5c4d4ed6 Feb 15, 2025          LEX-LEG x86 64bit/Linux - 07/02/25 22:27:24 Page 4
G e n e r a l   A l g e b r a i c   M o d e l i n g   S y s t e m
Solution Report     SOLVE GAMS_MODEL Using MINLP From line 272


               S O L V E      S U M M A R Y

     MODEL   GAMS_MODEL          OBJECTIVE  GAMS_OBJECTIVE
     TYPE    MINLP               DIRECTION  MINIMIZE
     SOLVER  GUROBI              FROM LINE  272

**** SOLVER STATUS     3 Resource Interrupt
**** MODEL STATUS      8 Integer Solution
**** OBJECTIVE VALUE                2.1579

 RESOURCE USAGE, LIMIT       1800.291      1800.000
 ITERATION COUNT, LIMIT  12633416    2147483647
 EVALUATION ERRORS             NA             0
Gurobi library version 12.0.1
GRB_LICENSE_FILE = /local/scratch/a/sgusev/gurobi.lic
GAMS/Gurobi Link license.
Reading parameter(s) from "/local/scratch/a/sgusev/repos/k_means_gurobi/k_means/data/gams_gurobi_gdp.binary_multiplication/no_mode/2025-07-02_22-27-24/original/gurobi.opt"
>>  NonConvex 2
Finished reading from "/local/scratch/a/sgusev/repos/k_means_gurobi/k_means/data/gams_gurobi_gdp.binary_multiplication/no_mode/2025-07-02_22-27-24/original/gurobi.opt"
--- GMO Q Extraction (ThreePass): 0.00s
--- GMO setup time: 0.00
MIP status(9): Optimization terminated due to time limit.

Fixed MIP status(2): Model was solved to optimality (subject to tolerances).

Final Solve:             2.157928    (0 iterations)
Best possible:           2.149257
Absolute gap:            0.008671
Relative gap:            0.004018


**** REPORT SUMMARY :        0     NONOPT
                             0 INFEASIBLE
                             0  UNBOUNDED
                             0     ERRORS
GAMS 49.1.0  5c4d4ed6 Feb 15, 2025          LEX-LEG x86 64bit/Linux - 07/02/25 22:27:24 Page 5
G e n e r a l   A l g e b r a i c   M o d e l i n g   S y s t e m
E x e c u t i o n


**** REPORT FILE SUMMARY

results /local/scratch/a/sgusev/repos/k_means_gurobi/k_means/data/gams_gurobi_gdp.binary_multiplication/no_mode/2025-07-02_22-27-24/original/results.dat
statresults /local/scratch/a/sgusev/repos/k_means_gurobi/k_means/data/gams_gurobi_gdp.binary_multiplication/no_mode/2025-07-02_22-27-24/original/resultsstat.dat


EXECUTION TIME       =     1800.298 SECONDS      5 MB  49.1.0 5c4d4ed6 LEX-LEG


USER: David Bernal / SECQUOIA Research Group         G240524|0002AS-GEN
      Purdue University, Davidson School of Chemical EngineeringDCE3427
      License for teaching and research at degree granting institutions


**** FILE SUMMARY

Input      /local/scratch/a/sgusev/repos/k_means_gurobi/k_means/data/gams_gurobi_gdp.binary_multiplication/no_mode/2025-07-02_22-27-24/original/model.gms
Output     /local/scratch/a/sgusev/repos/k_means_gurobi/k_means/data/gams_gurobi_gdp.binary_multiplication/no_mode/2025-07-02_22-27-24/original/output.lst
