GAMS 49.1.0  5c4d4ed6 Feb 15, 2025          LEX-LEG x86 64bit/Linux - 07/02/25 03:15:02 Page 1
G e n e r a l   A l g e b r a i c   M o d e l i n g   S y s t e m
C o m p i l a t i o n




COMPILATION TIME     =        0.001 SECONDS      2 MB  49.1.0 5c4d4ed6 LEX-LEG
GAMS 49.1.0  5c4d4ed6 Feb 15, 2025          LEX-LEG x86 64bit/Linux - 07/02/25 03:15:02 Page 2
G e n e r a l   A l g e b r a i c   M o d e l i n g   S y s t e m
Range Statistics    SOLVE GAMS_MODEL Using MINLP From line 248


RANGE STATISTICS (ABSOLUTE NON-ZERO FINITE VALUES)

RHS       [min, max] : [ 1.000E+00, 1.000E+00] - Zero values observed as well
Bound     [min, max] : [ 1.000E+00, 4.400E+01] - Zero values observed as well
Matrix    [min, max] : [ 1.756E-01, 1.454E+00] - Zero values observed as well

GAMS 49.1.0  5c4d4ed6 Feb 15, 2025          LEX-LEG x86 64bit/Linux - 07/02/25 03:15:02 Page 3
G e n e r a l   A l g e b r a i c   M o d e l i n g   S y s t e m
Model Statistics    SOLVE GAMS_MODEL Using MINLP From line 248


MODEL STATISTICS

BLOCKS OF EQUATIONS          59     SINGLE EQUATIONS           59
BLOCKS OF VARIABLES          64     SINGLE VARIABLES           64
NON ZERO ELEMENTS           238     NON LINEAR N-Z            176
CODE LENGTH                 484     CONSTANT POOL              38     DISCRETE VARIABLES         44


GENERATION TIME      =        0.005 SECONDS      3 MB  49.1.0 5c4d4ed6 LEX-LEG
GAMS 49.1.0  5c4d4ed6 Feb 15, 2025          LEX-LEG x86 64bit/Linux - 07/02/25 03:15:02 Page 4
G e n e r a l   A l g e b r a i c   M o d e l i n g   S y s t e m
Solution Report     SOLVE GAMS_MODEL Using MINLP From line 248


               S O L V E      S U M M A R Y

     MODEL   GAMS_MODEL          OBJECTIVE  GAMS_OBJECTIVE
     TYPE    MINLP               DIRECTION  MINIMIZE
     SOLVER  SCIP                FROM LINE  248

**** SOLVER STATUS     1 Normal Completion
**** MODEL STATUS      1 Optimal
**** OBJECTIVE VALUE                0.7209

 RESOURCE USAGE, LIMIT       1639.004      1800.000
 ITERATION COUNT, LIMIT   1228952    2147483647
 EVALUATION ERRORS              0             0

SCIP             49.1.0 5c4d4ed6 Feb 15, 2025          LEG x86 64bit/Linux    


**** REPORT SUMMARY :        0     NONOPT
                             0 INFEASIBLE
                             0  UNBOUNDED
                             0     ERRORS
GAMS 49.1.0  5c4d4ed6 Feb 15, 2025          LEX-LEG x86 64bit/Linux - 07/02/25 03:15:02 Page 5
G e n e r a l   A l g e b r a i c   M o d e l i n g   S y s t e m
E x e c u t i o n


**** REPORT FILE SUMMARY

results /local/scratch/a/sgusev/repos/K_means_gams_scip/k_means/data/gams_scip_gdp.binary_multiplication/no_mode/2025-07-02_03-15-02/original/results.dat
statresults /local/scratch/a/sgusev/repos/K_means_gams_scip/k_means/data/gams_scip_gdp.binary_multiplication/no_mode/2025-07-02_03-15-02/original/resultsstat.dat


EXECUTION TIME       =     1639.103 SECONDS      5 MB  49.1.0 5c4d4ed6 LEX-LEG


USER: David Bernal / SECQUOIA Research Group         G240524|0002AS-GEN
      Purdue University, Davidson School of Chemical EngineeringDCE3427
      License for teaching and research at degree granting institutions


**** FILE SUMMARY

Input      /local/scratch/a/sgusev/repos/K_means_gams_scip/k_means/data/gams_scip_gdp.binary_multiplication/no_mode/2025-07-02_03-15-02/original/model.gms
Output     /local/scratch/a/sgusev/repos/K_means_gams_scip/k_means/data/gams_scip_gdp.binary_multiplication/no_mode/2025-07-02_03-15-02/original/output.lst
