GAMS 49.1.0  5c4d4ed6 Feb 15, 2025          LEX-LEG x86 64bit/Linux - 07/06/25 01:10:19 Page 1
G e n e r a l   A l g e b r a i c   M o d e l i n g   S y s t e m
C o m p i l a t i o n




COMPILATION TIME     =        0.035 SECONDS      3 MB  49.1.0 5c4d4ed6 LEX-LEG
GAMS 49.1.0  5c4d4ed6 Feb 15, 2025          LEX-LEG x86 64bit/Linux - 07/06/25 01:10:19 Page 2
G e n e r a l   A l g e b r a i c   M o d e l i n g   S y s t e m
Range Statistics    SOLVE GAMS_MODEL Using MINLP From line 7177


RANGE STATISTICS (ABSOLUTE NON-ZERO FINITE VALUES)

RHS       [min, max] : [ 5.565E-05, 1.000E+00] - Zero values observed as well
Bound     [min, max] : [ 1.000E+00, 1.600E+02] - Zero values observed as well
Matrix    [min, max] : [ 1.070E-02, 1.600E+02]

GAMS 49.1.0  5c4d4ed6 Feb 15, 2025          LEX-LEG x86 64bit/Linux - 07/06/25 01:10:19 Page 3
G e n e r a l   A l g e b r a i c   M o d e l i n g   S y s t e m
Model Statistics    SOLVE GAMS_MODEL Using MINLP From line 7177


MODEL STATISTICS

BLOCKS OF EQUATIONS       2,197     SINGLE EQUATIONS        2,197
BLOCKS OF VARIABLES       1,002     SINGLE VARIABLES        1,002
NON ZERO ELEMENTS         5,321     NON LINEAR N-Z            560
CODE LENGTH               4,640     CONSTANT POOL             114     DISCRETE VARIABLES         80


GENERATION TIME      =        0.012 SECONDS      5 MB  49.1.0 5c4d4ed6 LEX-LEG
GAMS 49.1.0  5c4d4ed6 Feb 15, 2025          LEX-LEG x86 64bit/Linux - 07/06/25 01:10:19 Page 4
G e n e r a l   A l g e b r a i c   M o d e l i n g   S y s t e m
Solution Report     SOLVE GAMS_MODEL Using MINLP From line 7177


               S O L V E      S U M M A R Y

     MODEL   GAMS_MODEL          OBJECTIVE  GAMS_OBJECTIVE
     TYPE    MINLP               DIRECTION  MINIMIZE
     SOLVER  GUROBI              FROM LINE  7177

**** SOLVER STATUS     3 Resource Interrupt
**** MODEL STATUS      8 Integer Solution
**** OBJECTIVE VALUE                7.2091

 RESOURCE USAGE, LIMIT       1800.291      1800.000
 ITERATION COUNT, LIMIT  25898502    2147483647
 EVALUATION ERRORS             NA             0
Gurobi library version 12.0.1
GRB_LICENSE_FILE = /local/scratch/a/sgusev/gurobi.lic
GAMS/Gurobi Link license.
Reading parameter(s) from "/local/scratch/a/sgusev/repos/k_means_gurobi/k_means/data/gams_gurobi_gdp.hull/no_mode/2025-07-06_01-10-19/original/gurobi.opt"
>>  NonConvex 2
Finished reading from "/local/scratch/a/sgusev/repos/k_means_gurobi/k_means/data/gams_gurobi_gdp.hull/no_mode/2025-07-06_01-10-19/original/gurobi.opt"
--- GMO Q Extraction (ThreePass): 0.00s
--- GMO setup time: 0.00
Space for names approximately 0.21 Mb
MIP status(9): Optimization terminated due to time limit.

Fixed MIP status(2): Model was solved to optimality (subject to tolerances).

Final Solve:             7.209130    (0 iterations)
Best possible:           2.545208
Absolute gap:            4.663921
Relative gap:            0.646947


**** REPORT SUMMARY :        0     NONOPT
                             0 INFEASIBLE
                             0  UNBOUNDED
                             0     ERRORS
GAMS 49.1.0  5c4d4ed6 Feb 15, 2025          LEX-LEG x86 64bit/Linux - 07/06/25 01:10:19 Page 5
G e n e r a l   A l g e b r a i c   M o d e l i n g   S y s t e m
E x e c u t i o n


**** REPORT FILE SUMMARY

results /local/scratch/a/sgusev/repos/k_means_gurobi/k_means/data/gams_gurobi_gdp.hull/no_mode/2025-07-06_01-10-19/original/results.dat
statresults /local/scratch/a/sgusev/repos/k_means_gurobi/k_means/data/gams_gurobi_gdp.hull/no_mode/2025-07-06_01-10-19/original/resultsstat.dat


EXECUTION TIME       =     1800.323 SECONDS      7 MB  49.1.0 5c4d4ed6 LEX-LEG


USER: David Bernal / SECQUOIA Research Group         G240524|0002AS-GEN
      Purdue University, Davidson School of Chemical EngineeringDCE3427
      License for teaching and research at degree granting institutions


**** FILE SUMMARY

Input      /local/scratch/a/sgusev/repos/k_means_gurobi/k_means/data/gams_gurobi_gdp.hull/no_mode/2025-07-06_01-10-19/original/model.gms
Output     /local/scratch/a/sgusev/repos/k_means_gurobi/k_means/data/gams_gurobi_gdp.hull/no_mode/2025-07-06_01-10-19/original/output.lst
