GAMS 49.1.0  5c4d4ed6 Feb 15, 2025          LEX-LEG x86 64bit/Linux - 07/03/25 11:01:44 Page 1
G e n e r a l   A l g e b r a i c   M o d e l i n g   S y s t e m
C o m p i l a t i o n




COMPILATION TIME     =        0.013 SECONDS      2 MB  49.1.0 5c4d4ed6 LEX-LEG
GAMS 49.1.0  5c4d4ed6 Feb 15, 2025          LEX-LEG x86 64bit/Linux - 07/03/25 11:01:44 Page 2
G e n e r a l   A l g e b r a i c   M o d e l i n g   S y s t e m
Range Statistics    SOLVE GAMS_MODEL Using MINLP From line 3286


RANGE STATISTICS (ABSOLUTE NON-ZERO FINITE VALUES)

RHS       [min, max] : [ 3.438E-05, 1.000E+00] - Zero values observed as well
Bound     [min, max] : [ 1.000E+00, 8.800E+01] - Zero values observed as well
Matrix    [min, max] : [ 1.018E-02, 8.800E+01]

GAMS 49.1.0  5c4d4ed6 Feb 15, 2025          LEX-LEG x86 64bit/Linux - 07/03/25 11:01:44 Page 3
G e n e r a l   A l g e b r a i c   M o d e l i n g   S y s t e m
Model Statistics    SOLVE GAMS_MODEL Using MINLP From line 3286


MODEL STATISTICS

BLOCKS OF EQUATIONS         994     SINGLE EQUATIONS          994
BLOCKS OF VARIABLES         468     SINGLE VARIABLES          468
NON ZERO ELEMENTS         2,405     NON LINEAR N-Z            264
CODE LENGTH               2,156     CONSTANT POOL              73     DISCRETE VARIABLES         44


GENERATION TIME      =        0.006 SECONDS      4 MB  49.1.0 5c4d4ed6 LEX-LEG
GAMS 49.1.0  5c4d4ed6 Feb 15, 2025          LEX-LEG x86 64bit/Linux - 07/03/25 11:01:44 Page 4
G e n e r a l   A l g e b r a i c   M o d e l i n g   S y s t e m
Solution Report     SOLVE GAMS_MODEL Using MINLP From line 3286


               S O L V E      S U M M A R Y

     MODEL   GAMS_MODEL          OBJECTIVE  GAMS_OBJECTIVE
     TYPE    MINLP               DIRECTION  MINIMIZE
     SOLVER  SCIP                FROM LINE  3286

**** SOLVER STATUS     3 Resource Interrupt
**** MODEL STATUS      8 Integer Solution
**** OBJECTIVE VALUE                3.8668

 RESOURCE USAGE, LIMIT       1800.004      1800.000
 ITERATION COUNT, LIMIT   6887820    2147483647
 EVALUATION ERRORS              0             0

SCIP             49.1.0 5c4d4ed6 Feb 15, 2025          LEG x86 64bit/Linux    


**** REPORT SUMMARY :        0     NONOPT
                             0 INFEASIBLE
                             0  UNBOUNDED
                             0     ERRORS
GAMS 49.1.0  5c4d4ed6 Feb 15, 2025          LEX-LEG x86 64bit/Linux - 07/03/25 11:01:44 Page 5
G e n e r a l   A l g e b r a i c   M o d e l i n g   S y s t e m
E x e c u t i o n


**** REPORT FILE SUMMARY

results /local/scratch/a/sgusev/repos/K_means_gams_scip/k_means/data/gams_scip_gdp.hull/no_mode/2025-07-03_11-01-44/original/results.dat
statresults /local/scratch/a/sgusev/repos/K_means_gams_scip/k_means/data/gams_scip_gdp.hull/no_mode/2025-07-03_11-01-44/original/resultsstat.dat


EXECUTION TIME       =     1801.665 SECONDS      6 MB  49.1.0 5c4d4ed6 LEX-LEG


USER: David Bernal / SECQUOIA Research Group         G240524|0002AS-GEN
      Purdue University, Davidson School of Chemical EngineeringDCE3427
      License for teaching and research at degree granting institutions


**** FILE SUMMARY

Input      /local/scratch/a/sgusev/repos/K_means_gams_scip/k_means/data/gams_scip_gdp.hull/no_mode/2025-07-03_11-01-44/original/model.gms
Output     /local/scratch/a/sgusev/repos/K_means_gams_scip/k_means/data/gams_scip_gdp.hull/no_mode/2025-07-03_11-01-44/original/output.lst
