GAMS 49.1.0  5c4d4ed6 Feb 15, 2025          LEX-LEG x86 64bit/Linux - 07/08/25 21:09:44 Page 1
G e n e r a l   A l g e b r a i c   M o d e l i n g   S y s t e m
C o m p i l a t i o n




COMPILATION TIME     =        0.002 SECONDS      2 MB  49.1.0 5c4d4ed6 LEX-LEG
GAMS 49.1.0  5c4d4ed6 Feb 15, 2025          LEX-LEG x86 64bit/Linux - 07/08/25 21:09:44 Page 2
G e n e r a l   A l g e b r a i c   M o d e l i n g   S y s t e m
Range Statistics    SOLVE GAMS_MODEL Using MINLP From line 380


RANGE STATISTICS (ABSOLUTE NON-ZERO FINITE VALUES)

RHS       [min, max] : [ 1.000E+00, 1.478E+01] - Zero values observed as well
Bound     [min, max] : [ 1.000E+00, 1.700E+02] - Zero values observed as well
Matrix    [min, max] : [ 2.232E-02, 1.478E+01]

GAMS 49.1.0  5c4d4ed6 Feb 15, 2025          LEX-LEG x86 64bit/Linux - 07/08/25 21:09:44 Page 3
G e n e r a l   A l g e b r a i c   M o d e l i n g   S y s t e m
Model Statistics    SOLVE GAMS_MODEL Using MINLP From line 380


MODEL STATISTICS

BLOCKS OF EQUATIONS          89     SINGLE EQUATIONS           89
BLOCKS OF VARIABLES         106     SINGLE VARIABLES          106
NON ZERO ELEMENTS           568     NON LINEAR N-Z            340
CODE LENGTH               1,428     CONSTANT POOL             101     DISCRETE VARIABLES         68


GENERATION TIME      =        0.003 SECONDS      3 MB  49.1.0 5c4d4ed6 LEX-LEG
GAMS 49.1.0  5c4d4ed6 Feb 15, 2025          LEX-LEG x86 64bit/Linux - 07/08/25 21:09:44 Page 4
G e n e r a l   A l g e b r a i c   M o d e l i n g   S y s t e m
Solution Report     SOLVE GAMS_MODEL Using MINLP From line 380


               S O L V E      S U M M A R Y

     MODEL   GAMS_MODEL          OBJECTIVE  GAMS_OBJECTIVE
     TYPE    MINLP               DIRECTION  MINIMIZE
     SOLVER  SCIP                FROM LINE  380

**** SOLVER STATUS     3 Resource Interrupt
**** MODEL STATUS      8 Integer Solution
**** OBJECTIVE VALUE               12.2176

 RESOURCE USAGE, LIMIT       1800.062      1800.000
 ITERATION COUNT, LIMIT  31034922    2147483647
 EVALUATION ERRORS              0             0

SCIP             49.1.0 5c4d4ed6 Feb 15, 2025          LEG x86 64bit/Linux    


**** REPORT SUMMARY :        0     NONOPT
                             0 INFEASIBLE
                             0  UNBOUNDED
                             0     ERRORS
GAMS 49.1.0  5c4d4ed6 Feb 15, 2025          LEX-LEG x86 64bit/Linux - 07/08/25 21:09:44 Page 5
G e n e r a l   A l g e b r a i c   M o d e l i n g   S y s t e m
E x e c u t i o n


**** REPORT FILE SUMMARY

results /local/scratch/a/sgusev/repos/K_means_gams_scip/k_means/data/gams_scip_gdp.bigm/no_mode/2025-07-08_21-09-44/original/results.dat
statresults /local/scratch/a/sgusev/repos/K_means_gams_scip/k_means/data/gams_scip_gdp.bigm/no_mode/2025-07-08_21-09-44/original/resultsstat.dat


EXECUTION TIME       =     1809.258 SECONDS      5 MB  49.1.0 5c4d4ed6 LEX-LEG


USER: David Bernal / SECQUOIA Research Group         G240524|0002AS-GEN
      Purdue University, Davidson School of Chemical EngineeringDCE3427
      License for teaching and research at degree granting institutions


**** FILE SUMMARY

Input      /local/scratch/a/sgusev/repos/K_means_gams_scip/k_means/data/gams_scip_gdp.bigm/no_mode/2025-07-08_21-09-44/original/model.gms
Output     /local/scratch/a/sgusev/repos/K_means_gams_scip/k_means/data/gams_scip_gdp.bigm/no_mode/2025-07-08_21-09-44/original/output.lst
