GAMS 49.1.0  5c4d4ed6 Feb 15, 2025          LEX-LEG x86 64bit/Linux - 06/30/25 18:01:21 Page 1
G e n e r a l   A l g e b r a i c   M o d e l i n g   S y s t e m
C o m p i l a t i o n




COMPILATION TIME     =        0.017 SECONDS      2 MB  49.1.0 5c4d4ed6 LEX-LEG
GAMS 49.1.0  5c4d4ed6 Feb 15, 2025          LEX-LEG x86 64bit/Linux - 06/30/25 18:01:21 Page 2
G e n e r a l   A l g e b r a i c   M o d e l i n g   S y s t e m
Range Statistics    SOLVE GAMS_MODEL Using MINLP From line 4100


RANGE STATISTICS (ABSOLUTE NON-ZERO FINITE VALUES)

RHS       [min, max] : [ 1.000E+00, 1.000E+00] - Zero values observed as well
Bound     [min, max] : [ 1.000E+00, 8.000E+01] - Zero values observed as well
Matrix    [min, max] : [ 1.000E+00, 8.000E+01] - Zero values observed as well

GAMS 49.1.0  5c4d4ed6 Feb 15, 2025          LEX-LEG x86 64bit/Linux - 06/30/25 18:01:21 Page 3
G e n e r a l   A l g e b r a i c   M o d e l i n g   S y s t e m
Model Statistics    SOLVE GAMS_MODEL Using MINLP From line 4100


MODEL STATISTICS

BLOCKS OF EQUATIONS       1,245     SINGLE EQUATIONS        1,245
BLOCKS OF VARIABLES         631     SINGLE VARIABLES          631
NON ZERO ELEMENTS         3,049     NON LINEAR N-Z            400
CODE LENGTH               2,100     CONSTANT POOL              76     DISCRETE VARIABLES        100


GENERATION TIME      =        0.007 SECONDS      4 MB  49.1.0 5c4d4ed6 LEX-LEG
GAMS 49.1.0  5c4d4ed6 Feb 15, 2025          LEX-LEG x86 64bit/Linux - 06/30/25 18:01:21 Page 4
G e n e r a l   A l g e b r a i c   M o d e l i n g   S y s t e m
Solution Report     SOLVE GAMS_MODEL Using MINLP From line 4100


               S O L V E      S U M M A R Y

     MODEL   GAMS_MODEL          OBJECTIVE  GAMS_OBJECTIVE
     TYPE    MINLP               DIRECTION  MINIMIZE
     SOLVER  SCIP                FROM LINE  4100

**** SOLVER STATUS     3 Resource Interrupt
**** MODEL STATUS      8 Integer Solution
**** OBJECTIVE VALUE                1.6104

 RESOURCE USAGE, LIMIT       1800.002      1800.000
 ITERATION COUNT, LIMIT  14417796    2147483647
 EVALUATION ERRORS              0             0

SCIP             49.1.0 5c4d4ed6 Feb 15, 2025          LEG x86 64bit/Linux    


**** REPORT SUMMARY :        0     NONOPT
                             0 INFEASIBLE
                             0  UNBOUNDED
                             0     ERRORS
GAMS 49.1.0  5c4d4ed6 Feb 15, 2025          LEX-LEG x86 64bit/Linux - 06/30/25 18:01:21 Page 5
G e n e r a l   A l g e b r a i c   M o d e l i n g   S y s t e m
E x e c u t i o n


**** REPORT FILE SUMMARY

results /local/scratch/a/sgusev/repos/k_means_trial/k_means/data/gams_scip_gdp.hull_exact/no_mode/2025-06-30_18-01-20/original/results.dat
statresults /local/scratch/a/sgusev/repos/k_means_trial/k_means/data/gams_scip_gdp.hull_exact/no_mode/2025-06-30_18-01-20/original/resultsstat.dat


EXECUTION TIME       =     1802.089 SECONDS      6 MB  49.1.0 5c4d4ed6 LEX-LEG


USER: David Bernal / SECQUOIA Research Group         G240524|0002AS-GEN
      Purdue University, Davidson School of Chemical EngineeringDCE3427
      License for teaching and research at degree granting institutions


**** FILE SUMMARY

Input      /local/scratch/a/sgusev/repos/k_means_trial/k_means/data/gams_scip_gdp.hull_exact/no_mode/2025-06-30_18-01-20/original/model.gms
Output     /local/scratch/a/sgusev/repos/k_means_trial/k_means/data/gams_scip_gdp.hull_exact/no_mode/2025-06-30_18-01-20/original/output.lst
