GAMS 49.1.0  5c4d4ed6 Feb 15, 2025          LEX-LEG x86 64bit/Linux - 06/29/25 21:22:08 Page 1
G e n e r a l   A l g e b r a i c   M o d e l i n g   S y s t e m
C o m p i l a t i o n




COMPILATION TIME     =        0.001 SECONDS      2 MB  49.1.0 5c4d4ed6 LEX-LEG
GAMS 49.1.0  5c4d4ed6 Feb 15, 2025          LEX-LEG x86 64bit/Linux - 06/29/25 21:22:08 Page 2
G e n e r a l   A l g e b r a i c   M o d e l i n g   S y s t e m
Range Statistics    SOLVE GAMS_MODEL Using MINLP From line 217


RANGE STATISTICS (ABSOLUTE NON-ZERO FINITE VALUES)

RHS       [min, max] : [ 1.000E+00, 1.574E+01] - Zero values observed as well
Bound     [min, max] : [ 1.000E+00, 1.000E+02] - Zero values observed as well
Matrix    [min, max] : [ 1.307E-02, 1.574E+01]

GAMS 49.1.0  5c4d4ed6 Feb 15, 2025          LEX-LEG x86 64bit/Linux - 06/29/25 21:22:08 Page 3
G e n e r a l   A l g e b r a i c   M o d e l i n g   S y s t e m
Model Statistics    SOLVE GAMS_MODEL Using MINLP From line 217


MODEL STATISTICS

BLOCKS OF EQUATIONS          43     SINGLE EQUATIONS           43
BLOCKS OF VARIABLES          56     SINGLE VARIABLES           56
NON ZERO ELEMENTS           255     NON LINEAR N-Z            150
CODE LENGTH                 630     CONSTANT POOL              66     DISCRETE VARIABLES         30


GENERATION TIME      =        0.004 SECONDS      3 MB  49.1.0 5c4d4ed6 LEX-LEG
GAMS 49.1.0  5c4d4ed6 Feb 15, 2025          LEX-LEG x86 64bit/Linux - 06/29/25 21:22:08 Page 4
G e n e r a l   A l g e b r a i c   M o d e l i n g   S y s t e m
Solution Report     SOLVE GAMS_MODEL Using MINLP From line 217


               S O L V E      S U M M A R Y

     MODEL   GAMS_MODEL          OBJECTIVE  GAMS_OBJECTIVE
     TYPE    MINLP               DIRECTION  MINIMIZE
     SOLVER  GUROBI              FROM LINE  217

**** SOLVER STATUS     7 Licensing Problems
**** MODEL STATUS      11 Licensing Problem
**** OBJECTIVE VALUE               NA

 RESOURCE USAGE, LIMIT         NA          1800.000
 ITERATION COUNT, LIMIT        NA    2147483647
 EVALUATION ERRORS             NA             0
Gurobi library version 12.0.1
GRB_LICENSE_FILE = /local/scratch/a/sgusev/gurobi.lic
GAMS/Gurobi Link license.
*** Cannot initialize Gurobi environment. (status=10009|10009)
*** License 2640711 has expired

No solution returned
GAMS 49.1.0  5c4d4ed6 Feb 15, 2025          LEX-LEG x86 64bit/Linux - 06/29/25 21:22:08 Page 5
G e n e r a l   A l g e b r a i c   M o d e l i n g   S y s t e m
E x e c u t i o n


**** REPORT FILE SUMMARY

results /local/scratch/a/sgusev/repos/k_means_trial/k_means/data/gams_gurobi_gdp.bigm/no_mode/2025-06-29_21-22-08/original/results.dat
statresults /local/scratch/a/sgusev/repos/k_means_trial/k_means/data/gams_gurobi_gdp.bigm/no_mode/2025-06-29_21-22-08/original/resultsstat.dat


EXECUTION TIME       =        0.242 SECONDS      5 MB  49.1.0 5c4d4ed6 LEX-LEG


USER: David Bernal / SECQUOIA Research Group         G240524|0002AS-GEN
      Purdue University, Davidson School of Chemical EngineeringDCE3427
      License for teaching and research at degree granting institutions


**** FILE SUMMARY

Input      /local/scratch/a/sgusev/repos/k_means_trial/k_means/data/gams_gurobi_gdp.bigm/no_mode/2025-06-29_21-22-08/original/model.gms
Output     /local/scratch/a/sgusev/repos/k_means_trial/k_means/data/gams_gurobi_gdp.bigm/no_mode/2025-06-29_21-22-08/original/output.lst
