GAMS 49.1.0  5c4d4ed6 Feb 15, 2025          LEX-LEG x86 64bit/Linux - 07/07/25 13:54:11 Page 1
G e n e r a l   A l g e b r a i c   M o d e l i n g   S y s t e m
C o m p i l a t i o n




COMPILATION TIME     =        0.022 SECONDS      2 MB  49.1.0 5c4d4ed6 LEX-LEG
GAMS 49.1.0  5c4d4ed6 Feb 15, 2025          LEX-LEG x86 64bit/Linux - 07/07/25 13:54:11 Page 2
G e n e r a l   A l g e b r a i c   M o d e l i n g   S y s t e m
Range Statistics    SOLVE GAMS_MODEL Using MINLP From line 4591


RANGE STATISTICS (ABSOLUTE NON-ZERO FINITE VALUES)

RHS       [min, max] : [ 1.968E-05, 1.000E+00] - Zero values observed as well
Bound     [min, max] : [ 1.000E+00, 9.600E+01] - Zero values observed as well
Matrix    [min, max] : [ 5.692E-02, 9.600E+01]

GAMS 49.1.0  5c4d4ed6 Feb 15, 2025          LEX-LEG x86 64bit/Linux - 07/07/25 13:54:11 Page 3
G e n e r a l   A l g e b r a i c   M o d e l i n g   S y s t e m
Model Statistics    SOLVE GAMS_MODEL Using MINLP From line 4591


MODEL STATISTICS

BLOCKS OF EQUATIONS       1,397     SINGLE EQUATIONS        1,397
BLOCKS OF VARIABLES         672     SINGLE VARIABLES          672
NON ZERO ELEMENTS         3,401     NON LINEAR N-Z            400
CODE LENGTH               3,200     CONSTANT POOL              82     DISCRETE VARIABLES         80


GENERATION TIME      =        0.024 SECONDS      4 MB  49.1.0 5c4d4ed6 LEX-LEG
GAMS 49.1.0  5c4d4ed6 Feb 15, 2025          LEX-LEG x86 64bit/Linux - 07/07/25 13:54:11 Page 4
G e n e r a l   A l g e b r a i c   M o d e l i n g   S y s t e m
Solution Report     SOLVE GAMS_MODEL Using MINLP From line 4591


               S O L V E      S U M M A R Y

     MODEL   GAMS_MODEL          OBJECTIVE  GAMS_OBJECTIVE
     TYPE    MINLP               DIRECTION  MINIMIZE
     SOLVER  SCIP                FROM LINE  4591

**** SOLVER STATUS     3 Resource Interrupt
**** MODEL STATUS      8 Integer Solution
**** OBJECTIVE VALUE                4.4091

 RESOURCE USAGE, LIMIT       1800.002      1800.000
 ITERATION COUNT, LIMIT   6055268    2147483647
 EVALUATION ERRORS              0             0

SCIP             49.1.0 5c4d4ed6 Feb 15, 2025          LEG x86 64bit/Linux    


**** REPORT SUMMARY :        0     NONOPT
                             0 INFEASIBLE
                             0  UNBOUNDED
                             0     ERRORS
GAMS 49.1.0  5c4d4ed6 Feb 15, 2025          LEX-LEG x86 64bit/Linux - 07/07/25 13:54:11 Page 5
G e n e r a l   A l g e b r a i c   M o d e l i n g   S y s t e m
E x e c u t i o n


**** REPORT FILE SUMMARY

results /local/scratch/a/sgusev/repos/K_means_gams_scip/k_means/data/gams_scip_gdp.hull/no_mode/2025-07-07_13-54-11/original/results.dat
statresults /local/scratch/a/sgusev/repos/K_means_gams_scip/k_means/data/gams_scip_gdp.hull/no_mode/2025-07-07_13-54-11/original/resultsstat.dat


EXECUTION TIME       =     1801.249 SECONDS      6 MB  49.1.0 5c4d4ed6 LEX-LEG


USER: David Bernal / SECQUOIA Research Group         G240524|0002AS-GEN
      Purdue University, Davidson School of Chemical EngineeringDCE3427
      License for teaching and research at degree granting institutions


**** FILE SUMMARY

Input      /local/scratch/a/sgusev/repos/K_means_gams_scip/k_means/data/gams_scip_gdp.hull/no_mode/2025-07-07_13-54-11/original/model.gms
Output     /local/scratch/a/sgusev/repos/K_means_gams_scip/k_means/data/gams_scip_gdp.hull/no_mode/2025-07-07_13-54-11/original/output.lst
