GAMS 49.1.0  5c4d4ed6 Feb 15, 2025          LEX-LEG x86 64bit/Linux - 06/30/25 15:07:42 Page 1
G e n e r a l   A l g e b r a i c   M o d e l i n g   S y s t e m
C o m p i l a t i o n




COMPILATION TIME     =        0.002 SECONDS      2 MB  49.1.0 5c4d4ed6 LEX-LEG
GAMS 49.1.0  5c4d4ed6 Feb 15, 2025          LEX-LEG x86 64bit/Linux - 06/30/25 15:07:42 Page 2
G e n e r a l   A l g e b r a i c   M o d e l i n g   S y s t e m
Range Statistics    SOLVE GAMS_MODEL Using MINLP From line 324


RANGE STATISTICS (ABSOLUTE NON-ZERO FINITE VALUES)

RHS       [min, max] : [ 1.000E+00, 1.000E+00] - Zero values observed as well
Bound     [min, max] : [ 1.000E+00, 8.000E+01] - Zero values observed as well
Matrix    [min, max] : [ 9.087E-04, 1.424E+00] - Zero values observed as well

GAMS 49.1.0  5c4d4ed6 Feb 15, 2025          LEX-LEG x86 64bit/Linux - 06/30/25 15:07:42 Page 3
G e n e r a l   A l g e b r a i c   M o d e l i n g   S y s t e m
Model Statistics    SOLVE GAMS_MODEL Using MINLP From line 324


MODEL STATISTICS

BLOCKS OF EQUATIONS          83     SINGLE EQUATIONS           83
BLOCKS OF VARIABLES          87     SINGLE VARIABLES           87
NON ZERO ELEMENTS           325     NON LINEAR N-Z            240
CODE LENGTH                 660     CONSTANT POOL              56     DISCRETE VARIABLES         60


GENERATION TIME      =        0.003 SECONDS      3 MB  49.1.0 5c4d4ed6 LEX-LEG
GAMS 49.1.0  5c4d4ed6 Feb 15, 2025          LEX-LEG x86 64bit/Linux - 06/30/25 15:07:42 Page 4
G e n e r a l   A l g e b r a i c   M o d e l i n g   S y s t e m
Solution Report     SOLVE GAMS_MODEL Using MINLP From line 324


               S O L V E      S U M M A R Y

     MODEL   GAMS_MODEL          OBJECTIVE  GAMS_OBJECTIVE
     TYPE    MINLP               DIRECTION  MINIMIZE
     SOLVER  SCIP                FROM LINE  324

**** SOLVER STATUS     1 Normal Completion
**** MODEL STATUS      1 Optimal
**** OBJECTIVE VALUE                2.7199

 RESOURCE USAGE, LIMIT         87.321      1800.000
 ITERATION COUNT, LIMIT   1053922    2147483647
 EVALUATION ERRORS              0             0

SCIP             49.1.0 5c4d4ed6 Feb 15, 2025          LEG x86 64bit/Linux    


**** REPORT SUMMARY :        0     NONOPT
                             0 INFEASIBLE
                             0  UNBOUNDED
                             0     ERRORS
GAMS 49.1.0  5c4d4ed6 Feb 15, 2025          LEX-LEG x86 64bit/Linux - 06/30/25 15:07:42 Page 5
G e n e r a l   A l g e b r a i c   M o d e l i n g   S y s t e m
E x e c u t i o n


**** REPORT FILE SUMMARY

results /local/scratch/a/sgusev/repos/k_means_trial/k_means/data/gams_scip_gdp.binary_multiplication/no_mode/2025-06-30_15-07-42/original/results.dat
statresults /local/scratch/a/sgusev/repos/k_means_trial/k_means/data/gams_scip_gdp.binary_multiplication/no_mode/2025-06-30_15-07-42/original/resultsstat.dat


EXECUTION TIME       =       87.372 SECONDS      5 MB  49.1.0 5c4d4ed6 LEX-LEG


USER: David Bernal / SECQUOIA Research Group         G240524|0002AS-GEN
      Purdue University, Davidson School of Chemical EngineeringDCE3427
      License for teaching and research at degree granting institutions


**** FILE SUMMARY

Input      /local/scratch/a/sgusev/repos/k_means_trial/k_means/data/gams_scip_gdp.binary_multiplication/no_mode/2025-06-30_15-07-42/original/model.gms
Output     /local/scratch/a/sgusev/repos/k_means_trial/k_means/data/gams_scip_gdp.binary_multiplication/no_mode/2025-06-30_15-07-42/original/output.lst
