GAMS 49.1.0  5c4d4ed6 Feb 15, 2025          LEX-LEG x86 64bit/Linux - 06/30/25 09:32:02 Page 1
G e n e r a l   A l g e b r a i c   M o d e l i n g   S y s t e m
C o m p i l a t i o n




COMPILATION TIME     =        0.028 SECONDS      2 MB  49.1.0 5c4d4ed6 LEX-LEG
GAMS 49.1.0  5c4d4ed6 Feb 15, 2025          LEX-LEG x86 64bit/Linux - 06/30/25 09:32:02 Page 2
G e n e r a l   A l g e b r a i c   M o d e l i n g   S y s t e m
Range Statistics    SOLVE GAMS_MODEL Using MINLP From line 2905


RANGE STATISTICS (ABSOLUTE NON-ZERO FINITE VALUES)

RHS       [min, max] : [ 1.000E+00, 1.000E+00] - Zero values observed as well
Bound     [min, max] : [ 1.000E+00, 6.000E+01] - Zero values observed as well
Matrix    [min, max] : [ 1.000E+00, 6.000E+01] - Zero values observed as well

GAMS 49.1.0  5c4d4ed6 Feb 15, 2025          LEX-LEG x86 64bit/Linux - 06/30/25 09:32:02 Page 3
G e n e r a l   A l g e b r a i c   M o d e l i n g   S y s t e m
Model Statistics    SOLVE GAMS_MODEL Using MINLP From line 2905


MODEL STATISTICS

BLOCKS OF EQUATIONS         875     SINGLE EQUATIONS          875
BLOCKS OF VARIABLES         426     SINGLE VARIABLES          426
NON ZERO ELEMENTS         2,129     NON LINEAR N-Z            250
CODE LENGTH               1,400     CONSTANT POOL              56     DISCRETE VARIABLES         50


GENERATION TIME      =        0.009 SECONDS      3 MB  49.1.0 5c4d4ed6 LEX-LEG
GAMS 49.1.0  5c4d4ed6 Feb 15, 2025          LEX-LEG x86 64bit/Linux - 06/30/25 09:32:02 Page 4
G e n e r a l   A l g e b r a i c   M o d e l i n g   S y s t e m
Solution Report     SOLVE GAMS_MODEL Using MINLP From line 2905


               S O L V E      S U M M A R Y

     MODEL   GAMS_MODEL          OBJECTIVE  GAMS_OBJECTIVE
     TYPE    MINLP               DIRECTION  MINIMIZE
     SOLVER  SCIP                FROM LINE  2905

**** SOLVER STATUS     3 Resource Interrupt
**** MODEL STATUS      8 Integer Solution
**** OBJECTIVE VALUE                1.2828

 RESOURCE USAGE, LIMIT       1800.008      1800.000
 ITERATION COUNT, LIMIT   2805204    2147483647
 EVALUATION ERRORS              0             0

SCIP             49.1.0 5c4d4ed6 Feb 15, 2025          LEG x86 64bit/Linux    


**** REPORT SUMMARY :        0     NONOPT
                             0 INFEASIBLE
                             0  UNBOUNDED
                             0     ERRORS
GAMS 49.1.0  5c4d4ed6 Feb 15, 2025          LEX-LEG x86 64bit/Linux - 06/30/25 09:32:02 Page 5
G e n e r a l   A l g e b r a i c   M o d e l i n g   S y s t e m
E x e c u t i o n


**** REPORT FILE SUMMARY

results /local/scratch/a/sgusev/repos/k_means_trial/k_means/data/gams_scip_gdp.hull_exact/no_mode/2025-06-30_09-32-02/original/results.dat
statresults /local/scratch/a/sgusev/repos/k_means_trial/k_means/data/gams_scip_gdp.hull_exact/no_mode/2025-06-30_09-32-02/original/resultsstat.dat


EXECUTION TIME       =     1800.928 SECONDS      5 MB  49.1.0 5c4d4ed6 LEX-LEG


USER: David Bernal / SECQUOIA Research Group         G240524|0002AS-GEN
      Purdue University, Davidson School of Chemical EngineeringDCE3427
      License for teaching and research at degree granting institutions


**** FILE SUMMARY

Input      /local/scratch/a/sgusev/repos/k_means_trial/k_means/data/gams_scip_gdp.hull_exact/no_mode/2025-06-30_09-32-02/original/model.gms
Output     /local/scratch/a/sgusev/repos/k_means_trial/k_means/data/gams_scip_gdp.hull_exact/no_mode/2025-06-30_09-32-02/original/output.lst
