GAMS 49.1.0  5c4d4ed6 Feb 15, 2025          LEX-LEG x86 64bit/Linux - 07/03/25 05:23:58 Page 1
G e n e r a l   A l g e b r a i c   M o d e l i n g   S y s t e m
C o m p i l a t i o n




COMPILATION TIME     =        0.032 SECONDS      2 MB  49.1.0 5c4d4ed6 LEX-LEG
GAMS 49.1.0  5c4d4ed6 Feb 15, 2025          LEX-LEG x86 64bit/Linux - 07/03/25 05:23:58 Page 2
G e n e r a l   A l g e b r a i c   M o d e l i n g   S y s t e m
Range Statistics    SOLVE GAMS_MODEL Using MINLP From line 2463


RANGE STATISTICS (ABSOLUTE NON-ZERO FINITE VALUES)

RHS       [min, max] : [ 1.000E+00, 1.000E+00] - Zero values observed as well
Bound     [min, max] : [ 1.000E+00, 8.400E+01] - Zero values observed as well
Matrix    [min, max] : [ 1.000E+00, 8.400E+01] - Zero values observed as well

GAMS 49.1.0  5c4d4ed6 Feb 15, 2025          LEX-LEG x86 64bit/Linux - 07/03/25 05:23:58 Page 3
G e n e r a l   A l g e b r a i c   M o d e l i n g   S y s t e m
Model Statistics    SOLVE GAMS_MODEL Using MINLP From line 2463


MODEL STATISTICS

BLOCKS OF EQUATIONS         745     SINGLE EQUATIONS          745
BLOCKS OF VARIABLES         360     SINGLE VARIABLES          360
NON ZERO ELEMENTS         1,797     NON LINEAR N-Z            210
CODE LENGTH               1,176     CONSTANT POOL              72     DISCRETE VARIABLES         42


GENERATION TIME      =        0.055 SECONDS      3 MB  49.1.0 5c4d4ed6 LEX-LEG
GAMS 49.1.0  5c4d4ed6 Feb 15, 2025          LEX-LEG x86 64bit/Linux - 07/03/25 05:23:58 Page 4
G e n e r a l   A l g e b r a i c   M o d e l i n g   S y s t e m
Solution Report     SOLVE GAMS_MODEL Using MINLP From line 2463


               S O L V E      S U M M A R Y

     MODEL   GAMS_MODEL          OBJECTIVE  GAMS_OBJECTIVE
     TYPE    MINLP               DIRECTION  MINIMIZE
     SOLVER  GUROBI              FROM LINE  2463

**** SOLVER STATUS     1 Normal Completion
**** MODEL STATUS      1 Optimal
**** OBJECTIVE VALUE                4.6229

 RESOURCE USAGE, LIMIT          9.324      1800.000
 ITERATION COUNT, LIMIT    245503    2147483647
 EVALUATION ERRORS             NA             0
Gurobi library version 12.0.1
GRB_LICENSE_FILE = /local/scratch/a/sgusev/gurobi.lic
GAMS/Gurobi Link license.
Reading parameter(s) from "/local/scratch/a/sgusev/repos/k_means_gurobi/k_means/data/gams_gurobi_gdp.hull_exact/no_mode/2025-07-03_05-23-58/original/gurobi.opt"
>>  NonConvex 2
Finished reading from "/local/scratch/a/sgusev/repos/k_means_gurobi/k_means/data/gams_gurobi_gdp.hull_exact/no_mode/2025-07-03_05-23-58/original/gurobi.opt"
--- GMO Q Extraction (ThreePass): 0.00s
--- GMO setup time: 0.00
Space for names approximately 0.07 Mb
MIQCP status(2): Model was solved to optimality (subject to tolerances).

Fixed MIQCP status(2): Model was solved to optimality (subject to tolerances).
*** Enable duals for QCPs with 'qcpdual 1'.

Final Solve:             4.622927    (0 iterations)
Best possible:           4.622926
Absolute gap:            0.000001
Relative gap:            0.000000


**** REPORT SUMMARY :        0     NONOPT
                             0 INFEASIBLE
                             0  UNBOUNDED
                             0     ERRORS
GAMS 49.1.0  5c4d4ed6 Feb 15, 2025          LEX-LEG x86 64bit/Linux - 07/03/25 05:23:58 Page 5
G e n e r a l   A l g e b r a i c   M o d e l i n g   S y s t e m
E x e c u t i o n


**** REPORT FILE SUMMARY

results /local/scratch/a/sgusev/repos/k_means_gurobi/k_means/data/gams_gurobi_gdp.hull_exact/no_mode/2025-07-03_05-23-58/original/results.dat
statresults /local/scratch/a/sgusev/repos/k_means_gurobi/k_means/data/gams_gurobi_gdp.hull_exact/no_mode/2025-07-03_05-23-58/original/resultsstat.dat


EXECUTION TIME       =        9.392 SECONDS      5 MB  49.1.0 5c4d4ed6 LEX-LEG


USER: David Bernal / SECQUOIA Research Group         G240524|0002AS-GEN
      Purdue University, Davidson School of Chemical EngineeringDCE3427
      License for teaching and research at degree granting institutions


**** FILE SUMMARY

Input      /local/scratch/a/sgusev/repos/k_means_gurobi/k_means/data/gams_gurobi_gdp.hull_exact/no_mode/2025-07-03_05-23-58/original/model.gms
Output     /local/scratch/a/sgusev/repos/k_means_gurobi/k_means/data/gams_gurobi_gdp.hull_exact/no_mode/2025-07-03_05-23-58/original/output.lst
