GAMS 49.1.0  5c4d4ed6 Feb 15, 2025          LEX-LEG x86 64bit/Linux - 07/02/25 13:15:42 Page 1
G e n e r a l   A l g e b r a i c   M o d e l i n g   S y s t e m
C o m p i l a t i o n




COMPILATION TIME     =        0.008 SECONDS      2 MB  49.1.0 5c4d4ed6 LEX-LEG
GAMS 49.1.0  5c4d4ed6 Feb 15, 2025          LEX-LEG x86 64bit/Linux - 07/02/25 13:15:42 Page 2
G e n e r a l   A l g e b r a i c   M o d e l i n g   S y s t e m
Range Statistics    SOLVE GAMS_MODEL Using MINLP From line 268


RANGE STATISTICS (ABSOLUTE NON-ZERO FINITE VALUES)

RHS       [min, max] : [ 1.000E+00, 1.000E+00] - Zero values observed as well
Bound     [min, max] : [ 1.000E+00, 1.400E+02] - Zero values observed as well
Matrix    [min, max] : [ 1.726E-01, 2.311E+00] - Zero values observed as well

GAMS 49.1.0  5c4d4ed6 Feb 15, 2025          LEX-LEG x86 64bit/Linux - 07/02/25 13:15:42 Page 3
G e n e r a l   A l g e b r a i c   M o d e l i n g   S y s t e m
Model Statistics    SOLVE GAMS_MODEL Using MINLP From line 268


MODEL STATISTICS

BLOCKS OF EQUATIONS          59     SINGLE EQUATIONS           59
BLOCKS OF VARIABLES          72     SINGLE VARIABLES           72
NON ZERO ELEMENTS           355     NON LINEAR N-Z            294
CODE LENGTH                 966     CONSTANT POOL              86     DISCRETE VARIABLES         42


GENERATION TIME      =        0.003 SECONDS      3 MB  49.1.0 5c4d4ed6 LEX-LEG
GAMS 49.1.0  5c4d4ed6 Feb 15, 2025          LEX-LEG x86 64bit/Linux - 07/02/25 13:15:42 Page 4
G e n e r a l   A l g e b r a i c   M o d e l i n g   S y s t e m
Solution Report     SOLVE GAMS_MODEL Using MINLP From line 268


               S O L V E      S U M M A R Y

     MODEL   GAMS_MODEL          OBJECTIVE  GAMS_OBJECTIVE
     TYPE    MINLP               DIRECTION  MINIMIZE
     SOLVER  BARON               FROM LINE  268

**** SOLVER STATUS     1 Normal Completion
**** MODEL STATUS      1 Optimal
**** OBJECTIVE VALUE                8.9716

 RESOURCE USAGE, LIMIT        266.700      1800.000
 ITERATION COUNT, LIMIT         0    2147483647
 EVALUATION ERRORS              0             0

GAMS/BARON       49.1.0 5c4d4ed6 Feb 15, 2025          LEG x86 64bit/Linux    

BARON is a product of The Optimization Firm, LLC. http://www.minlp.com/
Parts of the BARON software were created at the
University of Illinois at Urbana-Champaign.

--- Using Option File
Reading parameter(s) from "/local/scratch/a/sgusev/repos/k_means_baron/k_means/data/gams_baron_gdp.binary_multiplication/no_mode/2025-07-02_13-15-42/original/baron.opt"
*** Warning Read from empty file or string
Finished reading from "/local/scratch/a/sgusev/repos/k_means_baron/k_means/data/gams_baron_gdp.binary_multiplication/no_mode/2025-07-02_13-15-42/original/baron.opt"

===========================================================================
 BARON version 25.2.1. Built: LNX-64 Sat Feb 1 21:54:09 EST 2025 
 Running on machine dantzig.ecn.purdue.edu

 BARON is a product of The Optimization Firm.
 For information on BARON, see https://minlp.com/about-baron

 If you publish work using this software, please cite publications from
 https://minlp.com/baron-publications, such as: 

 Zhang, Y. and N. V. Sahinidis, Solving continuous and discrete
 nonlinear programs with BARON, Comput Optim Appl (2024). 
 https://doi.org/10.1007/s10589-024-00633-0
===========================================================================
 This BARON run may utilize the following subsolver(s)
 For LP/MIP/QP: CLP/CBC, ILOG CPLEX                             

Solution      = 8.97158600706728  found at node 391
Best possible = 8.97158600706728
Absolute gap  = 0  optca = 1E-9
Relative gap  = 0  optcr = 1E-6



**** REPORT SUMMARY :        0     NONOPT
                             0 INFEASIBLE
                             0  UNBOUNDED
                             0     ERRORS
GAMS 49.1.0  5c4d4ed6 Feb 15, 2025          LEX-LEG x86 64bit/Linux - 07/02/25 13:15:42 Page 5
G e n e r a l   A l g e b r a i c   M o d e l i n g   S y s t e m
E x e c u t i o n


**** REPORT FILE SUMMARY

results /local/scratch/a/sgusev/repos/k_means_baron/k_means/data/gams_baron_gdp.binary_multiplication/no_mode/2025-07-02_13-15-42/original/results.dat
statresults /local/scratch/a/sgusev/repos/k_means_baron/k_means/data/gams_baron_gdp.binary_multiplication/no_mode/2025-07-02_13-15-42/original/resultsstat.dat


EXECUTION TIME       =      266.805 SECONDS      5 MB  49.1.0 5c4d4ed6 LEX-LEG


USER: David Bernal / SECQUOIA Research Group         G240524|0002AS-GEN
      Purdue University, Davidson School of Chemical EngineeringDCE3427
      License for teaching and research at degree granting institutions


**** FILE SUMMARY

Input      /local/scratch/a/sgusev/repos/k_means_baron/k_means/data/gams_baron_gdp.binary_multiplication/no_mode/2025-07-02_13-15-42/original/model.gms
Output     /local/scratch/a/sgusev/repos/k_means_baron/k_means/data/gams_baron_gdp.binary_multiplication/no_mode/2025-07-02_13-15-42/original/output.lst
